[     635ms] [WARNING] No `HydrateFallback` element provided to render during initial hydration @ https://app-companion-430619.appspot.com/assets/chunk-UIGDSWPH-DQ7ujm74.js:0
[    3016ms] [ERROR] Failed to load resource: the server responded with a status of 413 () @ https://www.google-analytics.com/g/collect?v=2&tid=G-1CD1CPGEYF&gtm=45je68l1v9218910579za200zd9218910579&_p=1787651001727&gcd=13l3l3l3l1l1&npa=0&dma=0&_eu=AAAAAAQ&are=1&cid=192702334.1787650988&frm=0&ngs=1&pscdl=noapi&rcb=14&sr=1440x900&uaa=arm&uab=64&uafvl=Not%253BA%253DBrand%3B8.0.0.0%7CChromium%3B150.0.7871.187%7CGoogle%2520Chrome%3B150.0.7871.187&uam=&uamb=0&uap=macOS&uapv=27.0.0&uaw=0&ul=en-us&tag_exp=115616986~115938465~115938468~118897920~118897930~119367802~119367810~120385422&sid=1787650988&sct=1&seg=1&dl=https%3A%2F%2Fstitch.withgoogle.com%2Fpreview%2F8993596247042628902%3Fnode-id%3D71526fde5f5644bba5bbf82fda687fa8%26raw%3D1&dr=https%3A%2F%2Fapp-companion-430619.appspot.com%2F&dt=Stitch%20-%20Preview&_s=2&tfd=3745:0
[    3349ms] [WARNING] cdn.tailwindcss.com should not be used in production. To use Tailwind CSS in production, install it as a PostCSS plugin or use the Tailwind CLI: https://tailwindcss.com/docs/installation @ https://cdn.tailwindcss.com/?plugins=forms,container-queries:63
[    3407ms] [WARNING] cdn.tailwindcss.com should not be used in production. To use Tailwind CSS in production, install it as a PostCSS plugin or use the Tailwind CLI: https://tailwindcss.com/docs/installation @ https://cdn.tailwindcss.com/?plugins=forms,container-queries:63
[    3503ms] [WARNING] cdn.tailwindcss.com should not be used in production. To use Tailwind CSS in production, install it as a PostCSS plugin or use the Tailwind CLI: https://tailwindcss.com/docs/installation @ https://cdn.tailwindcss.com/?plugins=forms,container-queries:63
[    3525ms] [WARNING] cdn.tailwindcss.com should not be used in production. To use Tailwind CSS in production, install it as a PostCSS plugin or use the Tailwind CLI: https://tailwindcss.com/docs/installation @ https://cdn.tailwindcss.com/?plugins=forms,container-queries:63
[    3788ms] [WARNING] XPath evaluation failed: //a[contains(., 'צ\'אט חדש')] SyntaxError: Failed to execute 'evaluate' on 'Document': The string '//a[contains(., 'צ\'אט חדש')]' is not a valid XPath expression.
    at evaluate (about:srcdoc:207:27)
    at getElementByXPath (about:srcdoc:221:20)
    at addRunInteractivity (about:srcdoc:683:22)
    at updateRunMode (about:srcdoc:635:7)
    at HTMLDocument.init (about:srcdoc:1090:27) @ about:srcdoc:214
[    3811ms] [WARNING] cdn.tailwindcss.com should not be used in production. To use Tailwind CSS in production, install it as a PostCSS plugin or use the Tailwind CLI: https://tailwindcss.com/docs/installation @ https://cdn.tailwindcss.com/?plugins=forms,container-queries:63
[    3819ms] [WARNING] cdn.tailwindcss.com should not be used in production. To use Tailwind CSS in production, install it as a PostCSS plugin or use the Tailwind CLI: https://tailwindcss.com/docs/installation @ https://cdn.tailwindcss.com/?plugins=forms,container-queries:63
[    3823ms] [WARNING] cdn.tailwindcss.com should not be used in production. To use Tailwind CSS in production, install it as a PostCSS plugin or use the Tailwind CLI: https://tailwindcss.com/docs/installation @ https://cdn.tailwindcss.com/?plugins=forms,container-queries:63
[    3826ms] [WARNING] cdn.tailwindcss.com should not be used in production. To use Tailwind CSS in production, install it as a PostCSS plugin or use the Tailwind CLI: https://tailwindcss.com/docs/installation @ https://cdn.tailwindcss.com/?plugins=forms,container-queries:63
[    3828ms] [WARNING] cdn.tailwindcss.com should not be used in production. To use Tailwind CSS in production, install it as a PostCSS plugin or use the Tailwind CLI: https://tailwindcss.com/docs/installation @ https://cdn.tailwindcss.com/?plugins=forms,container-queries:63
[    4019ms] [WARNING] cdn.tailwindcss.com should not be used in production. To use Tailwind CSS in production, install it as a PostCSS plugin or use the Tailwind CLI: https://tailwindcss.com/docs/installation @ https://cdn.tailwindcss.com/?plugins=forms,container-queries:63
[    4022ms] [WARNING] cdn.tailwindcss.com should not be used in production. To use Tailwind CSS in production, install it as a PostCSS plugin or use the Tailwind CLI: https://tailwindcss.com/docs/installation @ https://cdn.tailwindcss.com/?plugins=forms,container-queries:63
[    4210ms] [WARNING] cdn.tailwindcss.com should not be used in production. To use Tailwind CSS in production, install it as a PostCSS plugin or use the Tailwind CLI: https://tailwindcss.com/docs/installation @ https://cdn.tailwindcss.com/?plugins=forms,container-queries:63
[    4224ms] [WARNING] cdn.tailwindcss.com should not be used in production. To use Tailwind CSS in production, install it as a PostCSS plugin or use the Tailwind CLI: https://tailwindcss.com/docs/installation @ https://cdn.tailwindcss.com/?plugins=forms,container-queries:63
[    4300ms] [WARNING] cdn.tailwindcss.com should not be used in production. To use Tailwind CSS in production, install it as a PostCSS plugin or use the Tailwind CLI: https://tailwindcss.com/docs/installation @ https://cdn.tailwindcss.com/?plugins=forms,container-queries:63
[   69854ms] [WARNING] XPath evaluation failed: //a[contains(., 'צ\'אט חדש')] SyntaxError: Failed to execute 'evaluate' on 'Document': The string '//a[contains(., 'צ\'אט חדש')]' is not a valid XPath expression.
    at evaluate (about:srcdoc:207:27)
    at getElementByXPath (about:srcdoc:221:20)
    at handleRunClick (about:srcdoc:736:22)
    at HTMLDocument.onClick (about:srcdoc:773:32) @ about:srcdoc:214
[  132529ms] [WARNING] XPath evaluation failed: //a[contains(., 'צ\'אט חדש')] SyntaxError: Failed to execute 'evaluate' on 'Document': The string '//a[contains(., 'צ\'אט חדש')]' is not a valid XPath expression.
    at evaluate (about:srcdoc:207:27)
    at getElementByXPath (about:srcdoc:221:20)
    at handleRunClick (about:srcdoc:736:22)
    at HTMLDocument.onClick (about:srcdoc:773:32) @ about:srcdoc:214
